// Jest Snapshot v1, https://goo.gl/fbAQLP

exports[`Pruebas en GitItem Debe de hacer match con el snapshot 1`] = `
<div>
  <div
    class="card"
  >
    <img
      alt="Sakuragi"
      src="https://slamdunk.com/sakuragi.jpg"
    />
    <p>
      Sakuragi
    </p>
  </div>
</div>
`;
